<html>
<body>
<pre>
<h1>µVision Build Log</h1>
<h2>Project:</h2>
C:\Keil\ARM\Examples\BitCounter\bit.uvproj
Project File Date:  06/02/2017

<h2>Output:</h2>
Build target 'Target 1'
assembling bit.s...
bit.s(9): error: A1147E: Bad shift name
Target not created
Build target 'Target 1'
assembling bit.s...
bit.s(10): error: A1147E: Bad shift name
Target not created
Build target 'Target 1'
assembling bit.s...
linking...
Program Size: Code=36 RO-data=0 RW-data=0 ZI-data=0  
"bit.axf" - 0 Error(s), 0 Warning(s).
